DYLD_LIBRARY_PATH=.:/opt/homebrew/Cellar/ruby/4.0.6/lib LSAN_OPTIONS=detect_leaks=0 pkg-config --exists openssl
DYLD_LIBRARY_PATH=.:/opt/homebrew/Cellar/ruby/4.0.6/lib LSAN_OPTIONS=detect_leaks=0 pkg-config --libs openssl |
=> "-L/opt/homebrew/Cellar/openssl@3/3.6.3/lib -lssl -lcrypto\n"
DYLD_LIBRARY_PATH=.:/opt/homebrew/Cellar/ruby/4.0.6/lib LSAN_OPTIONS=detect_leaks=0 "clang -o conftest -I/opt/homebrew/Cellar/ruby/4.0.6/include/ruby-4.0.0/arm64-darwin25 -I/opt/homebrew/Cellar/ruby/4.0.6/include/ruby-4.0.0/ruby/backward -I/opt/homebrew/Cellar/ruby/4.0.6/include/ruby-4.0.0 -I. -I/opt/homebrew/opt/libyaml/include -I/opt/homebrew/opt/openssl@3/include -D_XOPEN_SOURCE -D_DARWIN_C_SOURCE -D_DARWIN_UNLIMITED_SELECT -D_REENTRANT   -fstack-protector-strong -U_FORTIFY_SOURCE -D_FORTIFY_SOURCE=2 -fdeclspec  -O3 -fno-fast-math -ggdb3 -Wall -Wextra -Wextra-tokens -Wdeprecated-declarations -Wdivision-by-zero -Wdiv-by-zero -Wimplicit-function-declaration -Wimplicit-int -Wpointer-arith -Wshorten-64-to-32 -Wwrite-strings -Wold-style-definition -Wmissing-noreturn -Wno-cast-function-type -Wno-constant-logical-operand -Wno-long-long -Wno-missing-field-initializers -Wno-overlength-strings -Wno-parentheses-equality -Wno-self-assign -Wno-tautological-compare -Wno-unused-parameter -Wno-unused-value -Wunused-variable -Wmisleading-indentation -Wundef -fno-common -pipe conftest.c -L. -L/opt/homebrew/Cellar/ruby/4.0.6/lib -L/opt/homebrew/opt/libyaml/lib -L/opt/homebrew/opt/openssl@3/lib -L. -fstack-protector-strong -L/opt/homebrew/Cellar/libyaml/0.2.5/lib -L/opt/homebrew/Cellar/openssl@3/3.6.3/lib  -arch arm64   -lruby.4.0  -lpthread  "
checked program was:
/* begin */
1: #include "ruby.h"
2: 
3: int main(int argc, char **argv)
4: {
5:   return !!argv[argc];
6: }
/* end */

DYLD_LIBRARY_PATH=.:/opt/homebrew/Cellar/ruby/4.0.6/lib LSAN_OPTIONS=detect_leaks=0 "clang -o conftest -I/opt/homebrew/Cellar/ruby/4.0.6/include/ruby-4.0.0/arm64-darwin25 -I/opt/homebrew/Cellar/ruby/4.0.6/include/ruby-4.0.0/ruby/backward -I/opt/homebrew/Cellar/ruby/4.0.6/include/ruby-4.0.0 -I. -I/opt/homebrew/opt/libyaml/include -I/opt/homebrew/opt/openssl@3/include -D_XOPEN_SOURCE -D_DARWIN_C_SOURCE -D_DARWIN_UNLIMITED_SELECT -D_REENTRANT   -fstack-protector-strong -U_FORTIFY_SOURCE -D_FORTIFY_SOURCE=2 -fdeclspec  -O3 -fno-fast-math -ggdb3 -Wall -Wextra -Wextra-tokens -Wdeprecated-declarations -Wdivision-by-zero -Wdiv-by-zero -Wimplicit-function-declaration -Wimplicit-int -Wpointer-arith -Wshorten-64-to-32 -Wwrite-strings -Wold-style-definition -Wmissing-noreturn -Wno-cast-function-type -Wno-constant-logical-operand -Wno-long-long -Wno-missing-field-initializers -Wno-overlength-strings -Wno-parentheses-equality -Wno-self-assign -Wno-tautological-compare -Wno-unused-parameter -Wno-unused-value -Wunused-variable -Wmisleading-indentation -Wundef -fno-common -pipe conftest.c -L. -L/opt/homebrew/Cellar/ruby/4.0.6/lib -L/opt/homebrew/opt/libyaml/lib -L/opt/homebrew/opt/openssl@3/lib -L. -fstack-protector-strong -L/opt/homebrew/Cellar/libyaml/0.2.5/lib -L/opt/homebrew/Cellar/openssl@3/3.6.3/lib -L/opt/homebrew/Cellar/openssl@3/3.6.3/lib -lssl -lcrypto -arch arm64   -lruby.4.0  -lpthread  "
checked program was:
/* begin */
1: #include "ruby.h"
2: 
3: int main(int argc, char **argv)
4: {
5:   return !!argv[argc];
6: }
/* end */

DYLD_LIBRARY_PATH=.:/opt/homebrew/Cellar/ruby/4.0.6/lib LSAN_OPTIONS=detect_leaks=0 pkg-config --cflags-only-I openssl |
=> "-I/opt/homebrew/Cellar/openssl@3/3.6.3/include\n"
DYLD_LIBRARY_PATH=.:/opt/homebrew/Cellar/ruby/4.0.6/lib LSAN_OPTIONS=detect_leaks=0 pkg-config --cflags-only-other openssl |
=> "\n"
DYLD_LIBRARY_PATH=.:/opt/homebrew/Cellar/ruby/4.0.6/lib LSAN_OPTIONS=detect_leaks=0 pkg-config --libs-only-l openssl |
=> "-lssl -lcrypto\n"
package configuration for openssl
incflags: -I/opt/homebrew/Cellar/openssl@3/3.6.3/include
cflags: 
ldflags: -L/opt/homebrew/Cellar/openssl@3/3.6.3/lib
libs: -lssl -lcrypto

