DYLD_LIBRARY_PATH=.:/opt/homebrew/Cellar/ruby/4.0.6/lib LSAN_OPTIONS=detect_leaks=0 "clang -I/opt/homebrew/Cellar/ruby/4.0.6/include/ruby-4.0.0/arm64-darwin25 -I/opt/homebrew/Cellar/ruby/4.0.6/include/ruby-4.0.0/ruby/backward -I/opt/homebrew/Cellar/ruby/4.0.6/include/ruby-4.0.0 -I. -I/opt/homebrew/opt/libyaml/include -I/opt/homebrew/opt/openssl@3/include -D_XOPEN_SOURCE -D_DARWIN_C_SOURCE -D_DARWIN_UNLIMITED_SELECT -D_REENTRANT   -fstack-protector-strong -U_FORTIFY_SOURCE -D_FORTIFY_SOURCE=2 -fdeclspec  -O3 -fno-fast-math -ggdb3 -Wall -Wextra -Wextra-tokens -Wdeprecated-declarations -Wdivision-by-zero -Wdiv-by-zero -Wimplicit-function-declaration -Wimplicit-int -Wpointer-arith -Wshorten-64-to-32 -Wwrite-strings -Wold-style-definition -Wmissing-noreturn -Wno-cast-function-type -Wno-constant-logical-operand -Wno-long-long -Wno-missing-field-initializers -Wno-overlength-strings -Wno-parentheses-equality -Wno-self-assign -Wno-tautological-compare -Wno-unused-parameter -Wno-unused-value -Wunused-variable -Wmisleading-indentation -Wundef -fno-common -pipe -std=c99 -arch arm64  -c conftest.c"
In file included from conftest.c:3:
/Library/Developer/CommandLineTools/usr/lib/clang/21/include/cpuid.h:14:2: error: this header is for x86 only
   14 | #error this header is for x86 only
      |  ^
/Library/Developer/CommandLineTools/usr/lib/clang/21/include/cpuid.h:312:5: error: invalid output constraint '=a' in asm
  312 |     __cpuid(__leaf, __eax, __ebx, __ecx, __edx);
      |     ^
/Library/Developer/CommandLineTools/usr/lib/clang/21/include/cpuid.h:274:11: note: expanded from macro '__cpuid'
  274 |         : "=a"(__eax), "=r"(__ebx), "=c"(__ecx), "=d"(__edx)                   \
      |           ^
/Library/Developer/CommandLineTools/usr/lib/clang/21/include/cpuid.h:327:5: error: invalid output constraint '=a' in asm
  327 |     __cpuid(__leaf, *__eax, *__ebx, *__ecx, *__edx);
      |     ^
/Library/Developer/CommandLineTools/usr/lib/clang/21/include/cpuid.h:274:11: note: expanded from macro '__cpuid'
  274 |         : "=a"(__eax), "=r"(__ebx), "=c"(__ecx), "=d"(__edx)                   \
      |           ^
/Library/Developer/CommandLineTools/usr/lib/clang/21/include/cpuid.h:341:5: error: invalid output constraint '=a' in asm
  341 |     __cpuid_count(__leaf, __subleaf, *__eax, *__ebx, *__ecx, *__edx);
      |     ^
/Library/Developer/CommandLineTools/usr/lib/clang/21/include/cpuid.h:281:11: note: expanded from macro '__cpuid_count'
  281 |         : "=a"(__eax), "=r"(__ebx), "=c"(__ecx), "=d"(__edx)                   \
      |           ^
/Library/Developer/CommandLineTools/usr/lib/clang/21/include/cpuid.h:349:3: error: invalid output constraint '=a' in asm
  349 |   __cpuid_count(__leaf, __subleaf, __cpu_info[0], __cpu_info[1], __cpu_info[2],
      |   ^
/Library/Developer/CommandLineTools/usr/lib/clang/21/include/cpuid.h:281:11: note: expanded from macro '__cpuid_count'
  281 |         : "=a"(__eax), "=r"(__ebx), "=c"(__ecx), "=d"(__edx)                   \
      |           ^
5 errors generated.
checked program was:
/* begin */
1: #include "ruby.h"
2: 
3: #include <cpuid.h>
/* end */

