DYLD_LIBRARY_PATH=.:/opt/homebrew/Cellar/ruby/4.0.6/lib LSAN_OPTIONS=detect_leaks=0 "clang -o conftest -I/opt/homebrew/Cellar/ruby/4.0.6/include/ruby-4.0.0/arm64-darwin25 -I/opt/homebrew/Cellar/ruby/4.0.6/include/ruby-4.0.0/ruby/backward -I/opt/homebrew/Cellar/ruby/4.0.6/include/ruby-4.0.0 -I. -I/opt/homebrew/opt/libyaml/include -I/opt/homebrew/opt/openssl@3/include -D_XOPEN_SOURCE -D_DARWIN_C_SOURCE -D_DARWIN_UNLIMITED_SELECT -D_REENTRANT   -fstack-protector-strong -U_FORTIFY_SOURCE -D_FORTIFY_SOURCE=2 -fdeclspec  -O3 -fno-fast-math -ggdb3 -Wall -Wextra -Wextra-tokens -Wdeprecated-declarations -Wdivision-by-zero -Wdiv-by-zero -Wimplicit-function-declaration -Wimplicit-int -Wpointer-arith -Wshorten-64-to-32 -Wwrite-strings -Wold-style-definition -Wmissing-noreturn -Wno-cast-function-type -Wno-constant-logical-operand -Wno-long-long -Wno-missing-field-initializers -Wno-overlength-strings -Wno-parentheses-equality -Wno-self-assign -Wno-tautological-compare -Wno-unused-parameter -Wno-unused-value -Wunused-variable -Wmisleading-indentation -Wundef -fno-common -pipe -std=c99 conftest.c -L. -L/opt/homebrew/Cellar/ruby/4.0.6/lib -L/opt/homebrew/opt/libyaml/lib -L/opt/homebrew/opt/openssl@3/lib -L. -fstack-protector-strong -L/opt/homebrew/Cellar/libyaml/0.2.5/lib -L/opt/homebrew/Cellar/openssl@3/3.6.3/lib  -arch arm64   -lruby.4.0  -lpthread  "
conftest.c:16:57: error: use of undeclared identifier 'ruby_xfree_sized'
   16 | int t(void) { void ((*volatile p)()); p = (void ((*)()))ruby_xfree_sized; return !p; }
      |                                                         ^~~~~~~~~~~~~~~~
1 error generated.
checked program was:
/* begin */
 1: #include "ruby.h"
 2: 
 3: #include <ruby.h>
 4: 
 5: /*top*/
 6: extern int t(void);
 7: int main(int argc, char **argv)
 8: {
 9:   if (argc > 1000000) {
10:     int (* volatile tp)(void)=(int (*)(void))&t;
11:     printf("%d", (*tp)());
12:   }
13: 
14:   return !!argv[argc];
15: }
16: int t(void) { void ((*volatile p)()); p = (void ((*)()))ruby_xfree_sized; return !p; }
/* end */

DYLD_LIBRARY_PATH=.:/opt/homebrew/Cellar/ruby/4.0.6/lib LSAN_OPTIONS=detect_leaks=0 "clang -o conftest -I/opt/homebrew/Cellar/ruby/4.0.6/include/ruby-4.0.0/arm64-darwin25 -I/opt/homebrew/Cellar/ruby/4.0.6/include/ruby-4.0.0/ruby/backward -I/opt/homebrew/Cellar/ruby/4.0.6/include/ruby-4.0.0 -I. -I/opt/homebrew/opt/libyaml/include -I/opt/homebrew/opt/openssl@3/include -D_XOPEN_SOURCE -D_DARWIN_C_SOURCE -D_DARWIN_UNLIMITED_SELECT -D_REENTRANT   -fstack-protector-strong -U_FORTIFY_SOURCE -D_FORTIFY_SOURCE=2 -fdeclspec  -O3 -fno-fast-math -ggdb3 -Wall -Wextra -Wextra-tokens -Wdeprecated-declarations -Wdivision-by-zero -Wdiv-by-zero -Wimplicit-function-declaration -Wimplicit-int -Wpointer-arith -Wshorten-64-to-32 -Wwrite-strings -Wold-style-definition -Wmissing-noreturn -Wno-cast-function-type -Wno-constant-logical-operand -Wno-long-long -Wno-missing-field-initializers -Wno-overlength-strings -Wno-parentheses-equality -Wno-self-assign -Wno-tautological-compare -Wno-unused-parameter -Wno-unused-value -Wunused-variable -Wmisleading-indentation -Wundef -fno-common -pipe -std=c99 conftest.c -L. -L/opt/homebrew/Cellar/ruby/4.0.6/lib -L/opt/homebrew/opt/libyaml/lib -L/opt/homebrew/opt/openssl@3/lib -L. -fstack-protector-strong -L/opt/homebrew/Cellar/libyaml/0.2.5/lib -L/opt/homebrew/Cellar/openssl@3/3.6.3/lib  -arch arm64   -lruby.4.0  -lpthread  "
Undefined symbols for architecture arm64:
  "_ruby_xfree_sized", referenced from:
      _t in conftest-7edcce.o
ld: symbol(s) not found for architecture arm64
clang: error: linker command failed with exit code 1 (use -v to see invocation)
checked program was:
/* begin */
 1: #include "ruby.h"
 2: 
 3: #include <ruby.h>
 4: 
 5: /*top*/
 6: extern int t(void);
 7: int main(int argc, char **argv)
 8: {
 9:   if (argc > 1000000) {
10:     int (* volatile tp)(void)=(int (*)(void))&t;
11:     printf("%d", (*tp)());
12:   }
13: 
14:   return !!argv[argc];
15: }
16: extern void ruby_xfree_sized();
17: int t(void) { ruby_xfree_sized(); return 0; }
/* end */

