current directory: /Volumes/warlock/maburacz/local/Data/DGX/Repository/projects/gunnymarc/gunnymarc.github.io/vendor/bundle/ruby/4.0.0/gems/redcarpet-2.3.0/ext/redcarpet
/opt/homebrew/opt/ruby/bin/ruby extconf.rb
creating Makefile

current directory: /Volumes/warlock/maburacz/local/Data/DGX/Repository/projects/gunnymarc/gunnymarc.github.io/vendor/bundle/ruby/4.0.0/gems/redcarpet-2.3.0/ext/redcarpet
make -j11 DESTDIR\= sitearchdir\=./.gem.20260726-5046-dqe4ie sitelibdir\=./.gem.20260726-5046-dqe4ie clean

current directory: /Volumes/warlock/maburacz/local/Data/DGX/Repository/projects/gunnymarc/gunnymarc.github.io/vendor/bundle/ruby/4.0.0/gems/redcarpet-2.3.0/ext/redcarpet
make -j11 DESTDIR\= sitearchdir\=./.gem.20260726-5046-dqe4ie sitelibdir\=./.gem.20260726-5046-dqe4ie
compiling autolink.c
compiling buffer.c
compiling houdini_href_e.c
compiling houdini_html_e.c
compiling html.c
compiling html_smartypants.c
compiling markdown.c
compiling rc_markdown.c
compiling rc_render.c
compiling stack.c
html_smartypants.c:92:39: warning: initializing 'char *' with an expression of type 'const char[2]' discards qualifiers [-Wincompatible-pointer-types-discards-qualifiers]
   92 |         static char* single_quote_list[] = { "'", "&#39;", "&#x27;", "&apos;", NULL };
      |                                              ^~~
html_smartypants.c:92:44: warning: initializing 'char *' with an expression of type 'const char[6]' discards qualifiers [-Wincompatible-pointer-types-discards-qualifiers]
   92 |         static char* single_quote_list[] = { "'", "&#39;", "&#x27;", "&apos;", NULL };
      |                                                   ^~~~~~~
html_smartypants.c:92:53: warning: initializing 'char *' with an expression of type 'const char[7]' discards qualifiers [-Wincompatible-pointer-types-discards-qualifiers]
   92 |         static char* single_quote_list[] = { "'", "&#39;", "&#x27;", "&apos;", NULL };
      |                                                            ^~~~~~~~
html_smartypants.c:92:63: warning: initializing 'char *' with an expression of type 'const char[7]' discards qualifiers [-Wincompatible-pointer-types-discards-qualifiers]
   92 |         static char* single_quote_list[] = { "'", "&#39;", "&#x27;", "&apos;", NULL };
      |                                                                      ^~~~~~~~
html_smartypants.c:133:25: warning: implicit conversion loses integer precision: 'size_t' (aka 'unsigned long') to 'int' [-Wshorten-64-to-32]
  133 |                 int next_squote_len = squote_len(text+1, size-1);
      |                     ~~~~~~~~~~~~~~~   ^~~~~~~~~~~~~~~~~~~~~~~~~~
html_smartypants.c:137:30: warning: comparison of integers of different signs: 'size_t' (aka 'unsigned long') and 'int' [-Wsign-compare]
  137 |                         uint8_t next_char = (size > 1+next_squote_len) ? text[1+next_squote_len] : 0;
      |                                              ~~~~ ^ ~~~~~~~~~~~~~~~~~
html_smartypants.c:232:12: warning: implicit conversion loses integer precision: 'size_t' (aka 'unsigned long') to 'int' [-Wshorten-64-to-32]
  232 |         int len = squote_len(text, size);
      |             ~~~   ^~~~~~~~~~~~~~~~~~~~~~
7 warnings generated.
In file included from markdown.c:42:
./html_blocks.h:90:1: warning: a function definition without a prototype is deprecated in all versions of C and is not supported in C23 [-Wdeprecated-non-prototype]
   90 | hash_block_tag (str, len)
      | ^
./html_blocks.h:144:1: warning: a function definition without a prototype is deprecated in all versions of C and is not supported in C23 [-Wdeprecated-non-prototype]
  144 | find_block_tag (str, len)
      | ^
markdown.c:67:15: warning: unused function 'char_underline' [-Wunused-function]
   67 | static size_t char_underline(struct buf *ob, struct sd_markdown *rndr, uint8_t *data, size_t offset, size_t size);
      |               ^~~~~~~~~~~~~~
html.c:129:4: warning: variable 'cls' is uninitialized when used here [-Wuninitialized]
  129 |                         cls++;
      |                         ^~~
html.c:126:16: note: initialize the variable 'cls' to silence this warning
  126 |                 size_t i, cls;
      |                              ^
      |                               = 0
1 warning generated.
rc_render.c:259:2: warning: 'rb_data_object_get_warning' is deprecated: by TypedData [-Wdeprecated-declarations]
  259 |         Data_Get_Struct(opt->self, struct rb_redcarpet_rndr, rndr);
      |         ^
/opt/homebrew/Cellar/ruby/4.0.6/include/ruby-4.0.0/ruby/internal/core/rdata.h:278:34: note: expanded from macro 'Data_Get_Struct'
  278 |     ((sval) = RBIMPL_CAST((type*)rb_data_object_get(obj)))
      |                                  ^
/opt/homebrew/Cellar/ruby/4.0.6/include/ruby-4.0.0/ruby/internal/core/rdata.h:370:31: note: expanded from macro 'rb_data_object_get'
  370 | #define rb_data_object_get    RUBY_MACRO_SELECT(rb_data_object_get_2, RUBY_UNTYPED_DATA_WARNING)
      |                               ^
/opt/homebrew/Cellar/ruby/4.0.6/include/ruby-4.0.0/ruby/internal/core/rdata.h:50:35: note: expanded from macro 'RUBY_MACRO_SELECT'
   50 | #define RUBY_MACRO_SELECT(x, y)   RBIMPL_MACRO_SELECT(x, y)
      |                                   ^
/opt/homebrew/Cellar/ruby/4.0.6/include/ruby-4.0.0/ruby/internal/core/rdata.h:49:35: note: expanded from macro 'RBIMPL_MACRO_SELECT'
   49 | #define RBIMPL_MACRO_SELECT(x, y) x ## y
      |                                   ^
<scratch space>:147:1: note: expanded from here
  147 | rb_data_object_get_1
      | ^
/opt/homebrew/Cellar/ruby/4.0.6/include/ruby-4.0.0/ruby/internal/core/rdata.h:368:31: note: expanded from macro 'rb_data_object_get_1'
  368 | #define rb_data_object_get_1  rb_data_object_get_warning
      |                               ^
/opt/homebrew/Cellar/ruby/4.0.6/include/ruby-4.0.0/ruby/internal/core/rdata.h:317:1: note: 'rb_data_object_get_warning' has been explicitly marked deprecated here
  317 | RBIMPL_ATTRSET_UNTYPED_DATA_FUNC()
      | ^
/opt/homebrew/Cellar/ruby/4.0.6/include/ruby-4.0.0/ruby/internal/core/rdata.h:47:5: note: expanded from macro 'RBIMPL_ATTRSET_UNTYPED_DATA_FUNC'
   47 |     RBIMPL_ATTR_DEPRECATED(("by TypedData"))
      |     ^
/opt/homebrew/Cellar/ruby/4.0.6/include/ruby-4.0.0/ruby/internal/attr/deprecated.h:36:53: note: expanded from macro 'RBIMPL_ATTR_DEPRECATED'
   36 | # define RBIMPL_ATTR_DEPRECATED(msg) __attribute__((__deprecated__ msg))
      |                                                     ^
rc_render.c:342:9: warning: 'rb_data_object_wrap_warning' is deprecated: by TypedData [-Wdeprecated-declarations]
  342 |         return Data_Wrap_Struct(klass, rb_redcarpet_rbase_mark, NULL, rndr);
      |                ^
/opt/homebrew/Cellar/ruby/4.0.6/include/ruby-4.0.0/ruby/internal/core/rdata.h:202:5: note: expanded from macro 'Data_Wrap_Struct'
  202 |     rb_data_object_wrap(                          \
      |     ^
/opt/homebrew/Cellar/ruby/4.0.6/include/ruby-4.0.0/ruby/internal/core/rdata.h:366:31: note: expanded from macro 'rb_data_object_wrap'
  366 | #define rb_data_object_wrap   RUBY_MACRO_SELECT(rb_data_object_wrap_2, RUBY_UNTYPED_DATA_WARNING)
      |                               ^
/opt/homebrew/Cellar/ruby/4.0.6/include/ruby-4.0.0/ruby/internal/core/rdata.h:50:35: note: expanded from macro 'RUBY_MACRO_SELECT'
   50 | #define RUBY_MACRO_SELECT(x, y)   RBIMPL_MACRO_SELECT(x, y)
      |                                   ^
/opt/homebrew/Cellar/ruby/4.0.6/include/ruby-4.0.0/ruby/internal/core/rdata.h:49:35: note: expanded from macro 'RBIMPL_MACRO_SELECT'
   49 | #define RBIMPL_MACRO_SELECT(x, y) x ## y
      |                                   ^
<scratch space>:148:1: note: expanded from here
  148 | rb_data_object_wrap_1
      | ^
/opt/homebrew/Cellar/ruby/4.0.6/include/ruby-4.0.0/ruby/internal/core/rdata.h:364:31: note: expanded from macro 'rb_data_object_wrap_1'
  364 | #define rb_data_object_wrap_1 rb_data_object_wrap_warning
      |                               ^
/opt/homebrew/Cellar/ruby/4.0.6/include/ruby-4.0.0/ruby/internal/core/rdata.h:280:1: note: 'rb_data_object_wrap_warning' has been explicitly marked deprecated here
  280 | RBIMPL_ATTRSET_UNTYPED_DATA_FUNC()
      | ^
/opt/homebrew/Cellar/ruby/4.0.6/include/ruby-4.0.0/ruby/internal/core/rdata.h:47:5: note: expanded from macro 'RBIMPL_ATTRSET_UNTYPED_DATA_FUNC'
   47 |     RBIMPL_ATTR_DEPRECATED(("by TypedData"))
      |     ^
/opt/homebrew/Cellar/ruby/4.0.6/include/ruby-4.0.0/ruby/internal/attr/deprecated.h:36:53: note: expanded from macro 'RBIMPL_ATTR_DEPRECATED'
   36 | # define RBIMPL_ATTR_DEPRECATED(msg) __attribute__((__deprecated__ msg))
      |                                                     ^
rc_render.c:349:2: warning: 'rb_data_object_get_warning' is deprecated: by TypedData [-Wdeprecated-declarations]
  349 |         Data_Get_Struct(self, struct rb_redcarpet_rndr, rndr);
      |         ^
/opt/homebrew/Cellar/ruby/4.0.6/include/ruby-4.0.0/ruby/internal/core/rdata.h:278:34: note: expanded from macro 'Data_Get_Struct'
  278 |     ((sval) = RBIMPL_CAST((type*)rb_data_object_get(obj)))
      |                                  ^
/opt/homebrew/Cellar/ruby/4.0.6/include/ruby-4.0.0/ruby/internal/core/rdata.h:370:31: note: expanded from macro 'rb_data_object_get'
  370 | #define rb_data_object_get    RUBY_MACRO_SELECT(rb_data_object_get_2, RUBY_UNTYPED_DATA_WARNING)
      |                               ^
/opt/homebrew/Cellar/ruby/4.0.6/include/ruby-4.0.0/ruby/internal/core/rdata.h:50:35: note: expanded from macro 'RUBY_MACRO_SELECT'
   50 | #define RUBY_MACRO_SELECT(x, y)   RBIMPL_MACRO_SELECT(x, y)
      |                                   ^
/opt/homebrew/Cellar/ruby/4.0.6/include/ruby-4.0.0/ruby/internal/core/rdata.h:49:35: note: expanded from macro 'RBIMPL_MACRO_SELECT'
   49 | #define RBIMPL_MACRO_SELECT(x, y) x ## y
      |                                   ^
<scratch space>:149:1: note: expanded from here
  149 | rb_data_object_get_1
      | ^
/opt/homebrew/Cellar/ruby/4.0.6/include/ruby-4.0.0/ruby/internal/core/rdata.h:368:31: note: expanded from macro 'rb_data_object_get_1'
  368 | #define rb_data_object_get_1  rb_data_object_get_warning
      |                               ^
/opt/homebrew/Cellar/ruby/4.0.6/include/ruby-4.0.0/ruby/internal/core/rdata.h:317:1: note: 'rb_data_object_get_warning' has been explicitly marked deprecated here
  317 | RBIMPL_ATTRSET_UNTYPED_DATA_FUNC()
      | ^
/opt/homebrew/Cellar/ruby/4.0.6/include/ruby-4.0.0/ruby/internal/core/rdata.h:47:5: note: expanded from macro 'RBIMPL_ATTRSET_UNTYPED_DATA_FUNC'
   47 |     RBIMPL_ATTR_DEPRECATED(("by TypedData"))
      |     ^
/opt/homebrew/Cellar/ruby/4.0.6/include/ruby-4.0.0/ruby/internal/attr/deprecated.h:36:53: note: expanded from macro 'RBIMPL_ATTR_DEPRECATED'
   36 | # define RBIMPL_ATTR_DEPRECATED(msg) __attribute__((__deprecated__ msg))
      |                                                     ^
rc_render.c:382:2: warning: 'rb_data_object_get_warning' is deprecated: by TypedData [-Wdeprecated-declarations]
  382 |         Data_Get_Struct(self, struct rb_redcarpet_rndr, rndr);
      |         ^
/opt/homebrew/Cellar/ruby/4.0.6/include/ruby-4.0.0/ruby/internal/core/rdata.h:278:34: note: expanded from macro 'Data_Get_Struct'
  278 |     ((sval) = RBIMPL_CAST((type*)rb_data_object_get(obj)))
      |                                  ^
/opt/homebrew/Cellar/ruby/4.0.6/include/ruby-4.0.0/ruby/internal/core/rdata.h:370:31: note: expanded from macro 'rb_data_object_get'
  370 | #define rb_data_object_get    RUBY_MACRO_SELECT(rb_data_object_get_2, RUBY_UNTYPED_DATA_WARNING)
      |                               ^
/opt/homebrew/Cellar/ruby/4.0.6/include/ruby-4.0.0/ruby/internal/core/rdata.h:50:35: note: expanded from macro 'RUBY_MACRO_SELECT'
   50 | #define RUBY_MACRO_SELECT(x, y)   RBIMPL_MACRO_SELECT(x, y)
      |                                   ^
/opt/homebrew/Cellar/ruby/4.0.6/include/ruby-4.0.0/ruby/internal/core/rdata.h:49:35: note: expanded from macro 'RBIMPL_MACRO_SELECT'
   49 | #define RBIMPL_MACRO_SELECT(x, y) x ## y
      |                                   ^
<scratch space>:150:1: note: expanded from here
  150 | rb_data_object_get_1
      | ^
/opt/homebrew/Cellar/ruby/4.0.6/include/ruby-4.0.0/ruby/internal/core/rdata.h:368:31: note: expanded from macro 'rb_data_object_get_1'
  368 | #define rb_data_object_get_1  rb_data_object_get_warning
      |                               ^
/opt/homebrew/Cellar/ruby/4.0.6/include/ruby-4.0.0/ruby/internal/core/rdata.h:317:1: note: 'rb_data_object_get_warning' has been explicitly marked deprecated here
  317 | RBIMPL_ATTRSET_UNTYPED_DATA_FUNC()
      | ^
/opt/homebrew/Cellar/ruby/4.0.6/include/ruby-4.0.0/ruby/internal/core/rdata.h:47:5: note: expanded from macro 'RBIMPL_ATTRSET_UNTYPED_DATA_FUNC'
   47 |     RBIMPL_ATTR_DEPRECATED(("by TypedData"))
      |     ^
/opt/homebrew/Cellar/ruby/4.0.6/include/ruby-4.0.0/ruby/internal/attr/deprecated.h:36:53: note: expanded from macro 'RBIMPL_ATTR_DEPRECATED'
   36 | # define RBIMPL_ATTR_DEPRECATED(msg) __attribute__((__deprecated__ msg))
      |                                                     ^
rc_markdown.c:88:2: warning: 'rb_data_object_get_warning' is deprecated: by TypedData [-Wdeprecated-declarations]
   88 |         Data_Get_Struct(rb_rndr, struct rb_redcarpet_rndr, rndr);
      |         ^
/opt/homebrew/Cellar/ruby/4.0.6/include/ruby-4.0.0/ruby/internal/core/rdata.h:278:34: note: expanded from macro 'Data_Get_Struct'
  278 |     ((sval) = RBIMPL_CAST((type*)rb_data_object_get(obj)))
      |                                  ^
/opt/homebrew/Cellar/ruby/4.0.6/include/ruby-4.0.0/ruby/internal/core/rdata.h:370:31: note: expanded from macro 'rb_data_object_get'
  370 | #define rb_data_object_get    RUBY_MACRO_SELECT(rb_data_object_get_2, RUBY_UNTYPED_DATA_WARNING)
      |                               ^
/opt/homebrew/Cellar/ruby/4.0.6/include/ruby-4.0.0/ruby/internal/core/rdata.h:50:35: note: expanded from macro 'RUBY_MACRO_SELECT'
   50 | #define RUBY_MACRO_SELECT(x, y)   RBIMPL_MACRO_SELECT(x, y)
      |                                   ^
/opt/homebrew/Cellar/ruby/4.0.6/include/ruby-4.0.0/ruby/internal/core/rdata.h:49:35: note: expanded from macro 'RBIMPL_MACRO_SELECT'
   49 | #define RBIMPL_MACRO_SELECT(x, y) x ## y
      |                                   ^
<scratch space>:147:1: note: expanded from here
  147 | rb_data_object_get_1
      | ^
/opt/homebrew/Cellar/ruby/4.0.6/include/ruby-4.0.0/ruby/internal/core/rdata.h:368:31: note: expanded from macro 'rb_data_object_get_1'
  368 | #define rb_data_object_get_1  rb_data_object_get_warning
      |                               ^
/opt/homebrew/Cellar/ruby/4.0.6/include/ruby-4.0.0/ruby/internal/core/rdata.h:317:1: note: 'rb_data_object_get_warning' has been explicitly marked deprecated here
  317 | RBIMPL_ATTRSET_UNTYPED_DATA_FUNC()
      | ^
/opt/homebrew/Cellar/ruby/4.0.6/include/ruby-4.0.0/ruby/internal/core/rdata.h:47:5: note: expanded from macro 'RBIMPL_ATTRSET_UNTYPED_DATA_FUNC'
   47 |     RBIMPL_ATTR_DEPRECATED(("by TypedData"))
      |     ^
/opt/homebrew/Cellar/ruby/4.0.6/include/ruby-4.0.0/ruby/internal/attr/deprecated.h:36:53: note: expanded from macro 'RBIMPL_ATTR_DEPRECATED'
   36 | # define RBIMPL_ATTR_DEPRECATED(msg) __attribute__((__deprecated__ msg))
      |                                                     ^
rc_markdown.c:94:16: warning: 'rb_data_object_wrap_warning' is deprecated: by TypedData [-Wdeprecated-declarations]
   94 |         rb_rc_render.c:441:2: warning: 'rb_data_object_get_warning' is deprecated: by TypedData [-Wdeprecated-declarations]
markdo  w441n |          =D aDtaat_aG_eWtr_aSpt_rSutcrtu(cste(lkfl,a ssst,r uNcUtL Lr,b _rrbe_drceadrcpaertp_ertn_dmrd,_ _rfnrdere),; 
m      a| r        ^k
down)/opt/homebrew/Cellar/ruby/4.0.6/include/ruby-4.0.0/ruby/internal/core/rdata.h:278:34: note: expanded from macro 'Data_Get_Struct'
;
        278 |  |                        ^ 
 ((sval)/opt/homebrew/Cellar/ruby/4.0.6/include/ruby-4.0.0/ruby/internal/core/rdata.h :=202 :R5B:I Mnote: Pexpanded from macro 'Data_Wrap_Struct'L
_CA  S202T | ( ( t y preb*_)drabt_ad_aotbaj_eocbtj_ewcrta_pg(e t ( o b j ) ) ) 
        |                                   ^ 
   /opt/homebrew/Cellar/ruby/4.0.6/include/ruby-4.0.0/ruby/internal/core/rdata.h:370:31 :   note:  expanded from macro 'rb_data_object_get' 
     \  
370       | | #    ^d
efine rb_da/opt/homebrew/Cellar/ruby/4.0.6/include/ruby-4.0.0/ruby/internal/core/rdata.ht:a366_:o31b:j enote: cexpanded from macro 'rb_data_object_wrap't
_get   366  |  # dReUfBiYn_eM ArCbR_Od_aStEaL_EoCbTj(ercbt__dwartaap_ o b jReUcBtY__gMeAtC_R2O,_ SREULBEYC_TU(NrTbY_PdEaDt_aD_AoTbAj_eWcAtR_NwIrNaGp)_
2      ,|                                ^R
UBY/opt/homebrew/Cellar/ruby/4.0.6/include/ruby-4.0.0/ruby/internal/core/rdata.h_:U50N:T35Y:P Enote: Dexpanded from macro 'RUBY_MACRO_SELECT'_
DATA   _50W | A#RdNeIfNiGn)e
       R| U                              ^B
Y_/opt/homebrew/Cellar/ruby/4.0.6/include/ruby-4.0.0/ruby/internal/core/rdata.h:50:35: note: expanded from macro 'RUBY_MACRO_SELECT'
   50 | #define RUBY_MACRO_MSEACRO_SELECTLECT(x,( xy,)  y )  R B IRMBPILM_PMLA_CMRAOC_RSOE_LSEECLTE(CxT,( xy,) 
y      )| 
                                  ^      
|                                   ^/opt/homebrew/Cellar/ruby/4.0.6/include/ruby-4.0.0/ruby/internal/core/rdata.h:49:35
: note: expanded from macro 'RBIMPL_MACRO_SELECT'
/opt/homebrew/Cellar/ruby/4.0.6/include/ruby-4.0.0/ruby/internal/core/rdata.h:49:35: note:    expanded from macro 'RBIMPL_MACRO_SELECT'49
 | #d   49 | #defeifnien eR BRIBMIPMLP_LM_AMCARCOR_OS_ESLEELCETC(Tx(,x ,y )y )x  x# ## #y 
y      
|                                         ^| 
                                  ^
<scratch space>:151<scratch space>::1148:: 1note: :expanded from here 
note: expanded from here
  151 |   r148b | _rdba_tdaa_toab_joebcjte_cgte_tw_r1a
p      _| 1^

      | /opt/homebrew/Cellar/ruby/4.0.6/include/ruby-4.0.0/ruby/internal/core/rdata.h:368:31^:
 note: /opt/homebrew/Cellar/ruby/4.0.6/include/ruby-4.0.0/ruby/internal/core/rdata.h:364:31: expanded from macro 'rb_data_object_get_1'
  368note:  | expanded from macro 'rb_data_object_wrap_1'#
def  i364n | e# drebf_idnaet ar_bo_bdjaetcat__ogbejte_c1t _ wrrba_pd_a1t ar_bo_bdjaetcat__ogbejte_cwta_rwnrianpg_
w      a| r                              ^n
ing
      | /opt/homebrew/Cellar/ruby/4.0.6/include/ruby-4.0.0/ruby/internal/core/rdata.h                              ^:
317:1: note: 'rb_data_object_get_warning' has been explicitly marked deprecated here
/opt/homebrew/Cellar/ruby/4.0.6/include/ruby-4.0.0/ruby/internal/core/rdata.h:280:1:   note: 317'rb_data_object_wrap_warning' has been explicitly marked deprecated here | 
RB  I280M | PRLB_IAMTPTLR_SAETTT_RUSNETTY_PUENDT_YDPAETDA__DFAUTNAC_(F)U
N      C| (^)

      /opt/homebrew/Cellar/ruby/4.0.6/include/ruby-4.0.0/ruby/internal/core/rdata.h:47:5: | ^
/opt/homebrew/Cellar/ruby/4.0.6/include/ruby-4.0.0/ruby/internal/core/rdata.h:note: 47expanded from macro 'RBIMPL_ATTRSET_UNTYPED_DATA_FUNC':
5:   47 |     R Bnote: Iexpanded from macro 'RBIMPL_ATTRSET_UNTYPED_DATA_FUNC'M
PL   47 |     RBIMPL__ATTR_DEPRECATED(("by TypedDATTRa_tDaE"P)R)E
C      A| T    ^E
D((/opt/homebrew/Cellar/ruby/4.0.6/include/ruby-4.0.0/ruby/internal/attr/deprecated.h":b36y: 53T:y pnote: eexpanded from macro 'RBIMPL_ATTR_DEPRECATED'd
Data   "36) | )#
       d| e    ^f
ine RBIM/opt/homebrew/Cellar/ruby/4.0.6/include/ruby-4.0.0/ruby/internal/attr/deprecated.h:36:PL_ATTR_DEPRECATED(msg)53: note: expanded from macro 'RBIMPL_ATTR_DEPRECATED' __attr
ibute   _36_ | (#( _d_edfeipnree cRaBtIeMdP_L__ AmTsTgR)_)D
E      P| R                                                    ^E
CATED(msg) __attribute__((__deprecated__ msg))
      |                                                     ^
rc_markdown.c:109:2: warning: 'rb_data_object_get_warning' is deprecated: by TypedData [-Wdeprecated-declarations]
  109 |         Data_Get_Struct(self, struct sd_markdown, markdown);
      |         ^
/opt/homebrew/Cellar/ruby/4.0.6/include/ruby-4.0.0/ruby/internal/core/rdata.h:278:34: note: expanded from macro 'Data_Get_Struct'
  278 |     ((sval) = RBIMPL_CAST((type*)rb_data_object_get(obj)))
      |                                  ^
/opt/homebrew/Cellar/ruby/4.0.6/include/ruby-4.0.0/ruby/internal/core/rdata.h:370:31: note: expanded from macro 'rb_data_object_get'
  370 | #define rb_data_object_get    RUBY_MACRO_SELECT(rb_data_object_get_2, RUBY_UNTYPED_DATA_WARNING)
      |                               ^
/opt/homebrew/Cellar/ruby/4.0.6/include/ruby-4.0.0/ruby/internal/core/rdata.h:50:35: note: expanded from macro 'RUBY_MACRO_SELECT'
   50 | #define RUBY_MACRO_SELECT(x, y)   RBIMPL_MACRO_SELECT(x, y)
      |                                   ^
/opt/homebrew/Cellar/ruby/4.0.6/include/ruby-4.0.0/ruby/internal/core/rdata.h:49:35: note: expanded from macro 'RBIMPL_MACRO_SELECT'
   49 | #define RBIMPL_MACRO_SELECT(x, y) x ## y
      |                                   ^
<scratch space>:149:1: note: expanded from here
  149 | rb_data_object_get_1
      | ^
/opt/homebrew/Cellar/ruby/4.0.6/include/ruby-4.0.0/ruby/internal/core/rdata.h:368:31: note: expanded from macro 'rb_data_object_get_1'
  368 | #define rb_data_object_get_1  rb_data_object_get_warning
      |                               ^
/opt/homebrew/Cellar/ruby/4.0.6/include/ruby-4.0.0/ruby/internal/core/rdata.h:317:1: note: 'rb_data_object_get_warning' has been explicitly marked deprecated here
  317 | RBIMPL_ATTRSET_UNTYPED_DATA_FUNC()
      | ^
/opt/homebrew/Cellar/ruby/4.0.6/include/ruby-4.0.0/ruby/internal/core/rdata.h:47:5: note: expanded from macro 'RBIMPL_ATTRSET_UNTYPED_DATA_FUNC'
   47 |     RBIMPL_ATTR_DEPRECATED(("by TypedData"))
      |     ^
/opt/homebrew/Cellar/ruby/4.0.6/include/ruby-4.0.0/ruby/internal/attr/deprecated.h:36:53: note: expanded from macro 'RBIMPL_ATTR_DEPRECATED'
   36 | # define RBIMPL_ATTR_DEPRECATED(msg) __attribute__((__deprecated__ msg))
      |                                                     ^
rc_markdown.c:119:3: warning: 'rb_data_object_get_warning' is deprecated: by TypedData [-Wdeprecated-declarations]
  119 |                 Data_Get_Struct(rb_rndr, struct rb_redcarpet_rndr, renderer);
      |                 ^
/opt/homebrew/Cellar/ruby/4.0.6/include/ruby-4.0.0/ruby/internal/core/rdata.h:278:34: note: expanded from macro 'Data_Get_Struct'
  278 |     ((sval) = RBIMPL_CAST((type*)rb_data_object_get(obj)))
      |                                  ^
/opt/homebrew/Cellar/ruby/4.0.6/include/ruby-4.0.0/ruby/internal/core/rdata.h:370:31: note: expanded from macro 'rb_data_object_get'
  370 | #define rb_data_object_get    RUBY_MACRO_SELECT(rb_data_object_get_2, RUBY_UNTYPED_DATA_WARNING)
      |                               ^
/opt/homebrew/Cellar/ruby/4.0.6/include/ruby-4.0.0/ruby/internal/core/rdata.h:50:35: note: expanded from macro 'RUBY_MACRO_SELECT'
   50 | #define RUBY_MACRO_SELECT(x, y)   RBIMPL_MACRO_SELECT(x, y)
      |                                   ^
/opt/homebrew/Cellar/ruby/4.0.6/include/ruby-4.0.0/ruby/internal/core/rdata.h:49:35: note: expanded from macro 'RBIMPL_MACRO_SELECT'
   49 | #define RBIMPL_MACRO_SELECT(x, y) x ## y
      |                                   ^
<scratch space>:150:1: note: expanded from here
  150 | rb_data_object_get_1
      | ^
/opt/homebrew/Cellar/ruby/4.0.6/include/ruby-4.0.0/ruby/internal/core/rdata.h:368:31: note: expanded from macro 'rb_data_object_get_1'
  368 | #define rb_data_object_get_1  rb_data_object_get_warning
      |                               ^
/opt/homebrew/Cellar/ruby/4.0.6/include/ruby-4.0.0/ruby/internal/core/rdata.h:317:1: note: 'rb_data_object_get_warning' has been explicitly marked deprecated here
  317 | RBIMPL_ATTRSET_UNTYPED_DATA_FUNC()
      | ^
/opt/homebrew/Cellar/ruby/4.0.6/include/ruby-4.0.0/ruby/internal/core/rdata.h:47:5: note: expanded from macro 'RBIMPL_ATTRSET_UNTYPED_DATA_FUNC'
   47 |     RBIMPL_ATTR_DEPRECATED(("by TypedData"))
      |     ^
/opt/homebrew/Cellar/ruby/4.0.6/include/ruby-4.0.0/ruby/internal/attr/deprecated.h:36:53: note: expanded from macro 'RBIMPL_ATTR_DEPRECATED'
   36 | # define RBIMPL_ATTR_DEPRECATED(msg) __attribute__((__deprecated__ msg))
      |                                                     ^
4 warnings generated.
5 warnings generated.
3 warnings generated.
linking shared-object redcarpet.bundle

current directory: /Volumes/warlock/maburacz/local/Data/DGX/Repository/projects/gunnymarc/gunnymarc.github.io/vendor/bundle/ruby/4.0.0/gems/redcarpet-2.3.0/ext/redcarpet
make -j11 DESTDIR\= sitearchdir\=./.gem.20260726-5046-dqe4ie sitelibdir\=./.gem.20260726-5046-dqe4ie install
/usr/bin/install -c -m 0755 redcarpet.bundle ./.gem.20260726-5046-dqe4ie

current directory: /Volumes/warlock/maburacz/local/Data/DGX/Repository/projects/gunnymarc/gunnymarc.github.io/vendor/bundle/ruby/4.0.0/gems/redcarpet-2.3.0/ext/redcarpet
make DESTDIR\= sitearchdir\=./.gem.20260726-5046-dqe4ie sitelibdir\=./.gem.20260726-5046-dqe4ie clean
